                                 The SAS System                                1
                                                  12:11 Monday, January 11, 2016

                            The TIMESERIES Procedure

                                Input Data Set

                     Name                          WORK.PH
                     Label                                
                     Time ID Variable            date_time
                     Time Interval                  DTMIN5
                     Length of Seasonal Cycle          144


                              Variable Information

                  Name                                 rumenph
                  Label                                       
                  First                          31JAN14:06:03
                  Last                           04FEB14:05:53
                  Number of Observations Read             1151


                              Variable Information

                  Name                                 reticph
                  Label                                       
                  First                          31JAN14:06:03
                  Last                           04FEB14:05:53
                  Number of Observations Read             1151
                                 The SAS System                                2
                                                  12:11 Monday, January 11, 2016

                               The UCM Procedure

                                Input Data Set

                         Name                  WORK.PH
                         Time ID Variable    date_time
                                 The SAS System                                3
                                                  12:11 Monday, January 11, 2016

---------------------------------- animal=52 -----------------------------------

                               The UCM Procedure

                            Estimation Span Summary
 
 Variable  Type           First Obs       Last Obs    NObs   NMiss          Min

 rumenph   Dependent  23JAN14:05:58  03FEB14:17:53    3312      27      5.85885
 reticph   Predictor  23JAN14:05:58  03FEB14:17:53    3312       0      5.62396

                            Estimation Span Summary
 
                                                               Standard
         Variable  Type               Max           Mean      Deviation

         rumenph   Dependent      7.09862        6.56378        0.22251
         reticph   Predictor      7.19083        6.63213        0.25456


                             Forecast Span Summary
 
 Variable  Type           First Obs       Last Obs    NObs   NMiss          Min

 rumenph   Dependent  23JAN14:05:58  03FEB14:17:53    3312      27      5.85885
 reticph   Predictor  23JAN14:05:58  04FEB14:05:53    3456       0      5.62396

                             Forecast Span Summary
 
                                                               Standard
         Variable  Type               Max           Mean      Deviation

         rumenph   Dependent      7.09862        6.56378        0.22251
         reticph   Predictor      7.19083        6.63752        0.25154
