Predicting the timecourse of ruminal pH from continuous reticular pH measureme 1
              Prediction of Rumen pH Using Predicted Reticular pH
                                                  19:09 Monday, January 11, 2016

                              The Mixed Procedure

                               Model Information

             Data Set                     WORK.MERGED              
             Dependent Variable           rumenph                  
             Covariance Structure         Unstructured             
             Subject Effect               animal*day               
             Estimation Method            REML                     
             Residual Variance Method     Profile                  
             Fixed Effects SE Method      Model-Based              
             Degrees of Freedom Method    Containment              


                            Class Level Information
 
               Class     Levels    Values

               animal         4    52 64 138 183                 
               day           15    1 2 3 4 5 6 7 8 9 10 11 12 13 
                                   14 15                         
               silage         5    12 20 30 40 50                


                                  Dimensions

                      Covariance Parameters            22
                      Columns in X                     11
                      Columns in Z Per Subject          6
                      Subjects                         57
                      Max Obs Per Subject             288


                            Number of Observations

                  Number of Observations Read           17280
                  Number of Observations Used           16304
                  Number of Observations Not Used         976


                        Covariance Parameter Estimates
 
                                            Standard         Z
     Cov Parm     Subject       Estimate       Error     Value        Pr Z

     UN(1,1)      animal*day      5.1844      1.0172      5.10      <.0001
     UN(2,1)      animal*day     -2.4710      4.0956     -0.60      0.5463
     UN(2,2)      animal*day      141.21     27.9771      5.05      <.0001
     UN(3,1)      animal*day      1.6978      4.0771      0.42      0.6771
     UN(3,2)      animal*day     -140.78     27.9215     -5.04      <.0001
     UN(3,3)      animal*day      140.47     27.8795      5.04      <.0001
     UN(4,1)      animal*day     -0.1021     0.09032     -1.13      0.2581
     UN(4,2)      animal*day      1.9623      0.5482      3.58      0.0003
     UN(4,3)      animal*day     -1.9456      0.5460     -3.56      0.0004
     UN(4,4)      animal*day     0.07281     0.01570      4.64      <.0001
     UN(5,1)      animal*day    -0.03452     0.04207     -0.82      0.4119
Predicting the timecourse of ruminal pH from continuous reticular pH measureme 2
              Prediction of Rumen pH Using Predicted Reticular pH
                                                  19:09 Monday, January 11, 2016

                              The Mixed Procedure

                        Covariance Parameter Estimates
 
                                            Standard         Z
     Cov Parm     Subject       Estimate       Error     Value        Pr Z

     UN(5,2)      animal*day     -0.1491      0.2630     -0.57      0.5709
     UN(5,3)      animal*day      0.1544      0.2623      0.59      0.5561
     UN(5,4)      animal*day    -0.00010    0.005944     -0.02      0.9870
     UN(5,5)      animal*day    0.008964    0.003559      2.52      0.0059
     UN(6,1)      animal*day     0.01569     0.05040      0.31      0.7556
     UN(6,2)      animal*day     0.06193      0.3008      0.21      0.8369
     UN(6,3)      animal*day    -0.06356      0.2999     -0.21      0.8322
     UN(6,4)      animal*day     0.01041    0.007014      1.48      0.1379
     UN(6,5)      animal*day    0.004574    0.003126      1.46      0.1434
     UN(6,6)      animal*day     0.01854    0.005399      3.43      0.0003
     Residual                    0.01502    0.000168     89.30      <.0001


                                Fit Statistics

                     -2 Res Log Likelihood        -21058.2
                     AIC (smaller is better)      -21014.2
                     AICC (smaller is better)     -21014.2
                     BIC (smaller is better)      -20969.3


                        Null Model Likelihood Ratio Test
 
                          DF    Chi-Square      Pr > ChiSq

                          21      11200.64          <.0001


                              Information Criteria
 
  Neg2LogLike    Parms        AIC       AICC       HQIC        BIC       CAIC

       -21058       22     -21014     -21014     -20997     -20969     -20947


                           Solution for Fixed Effects
 
                                      Standard
   Effect       silage    Estimate       Error      DF    t Value    Pr > |t|

   Intercept                1.0211      0.3059      52       3.34      0.0016
   reticph                  0.1542     0.01225    16E3      12.59      <.0001
   lag1p                    0.7001     0.04707      56      14.87      <.0001
   lag2r                    0.2318     0.03168      56       7.32      <.0001
   lag7r                    0.1041     0.01849      56       5.63      <.0001
   lag9r                    0.1229     0.02205      56       5.57      <.0001
   silage       12         -0.3003     0.04700    16E3      -6.39      <.0001
   silage       20         -0.2344     0.04352    16E3      -5.39      <.0001
   silage       30         -0.2200     0.04349    16E3      -5.06      <.0001
Predicting the timecourse of ruminal pH from continuous reticular pH measureme 3
              Prediction of Rumen pH Using Predicted Reticular pH
                                                  19:09 Monday, January 11, 2016

                              The Mixed Procedure

                           Solution for Fixed Effects
 
                                      Standard
   Effect       silage    Estimate       Error      DF    t Value    Pr > |t|

   silage       40         -0.1790     0.04338    16E3      -4.13      <.0001
   silage       50               0           .       .        .         .    


                         Type 3 Tests of Fixed Effects
 
                               Num     Den
                 Effect         DF      DF    F Value    Pr > F

                 reticph         1    16E3     158.53    <.0001
                 lag1p           1      56     221.20    <.0001
                 lag2r           1      56      53.57    <.0001
                 lag7r           1      56      31.68    <.0001
                 lag9r           1      56      31.07    <.0001
                 silage          4    16E3      12.61    <.0001
Predicting the timecourse of ruminal pH from continuous reticular pH measureme 4
                    Selection of Training & Testing Datasets
                                                  19:09 Monday, January 11, 2016

                           The SURVEYSELECT Procedure

                   Selection Method    Simple Random Sampling

                      Input Data Set               ANIDAY
                      Random Number Seed           495857
                      Sampling Rate                   0.9
                      Sample Size                      52
                      Selection Probability      0.912281
                      Sampling Weight                   0
                      Number of Replicates             10
                      Total Sample Size               520
                      Output Data Set               TRAIN
Predicting the timecourse of ruminal pH from continuous reticular pH measureme 5
                    Selection of Training & Testing Datasets
                                                  19:09 Monday, January 11, 2016

-------------------------- Sample Replicate Number=1 ---------------------------

                              The Mixed Procedure

                               Model Information

             Data Set                     WORK.XV                  
             Dependent Variable           new_Prumenph             
             Covariance Structure         Unstructured             
             Subject Effect               animal*day               
             Estimation Method            MIVQUE0                  
             Residual Variance Method     Profile                  
             Fixed Effects SE Method      Model-Based              
             Degrees of Freedom Method    Containment              


                            Class Level Information
 
               Class     Levels    Values

               animal         4    52 64 138 183                 
               day           15    1 2 3 4 5 6 7 8 9 10 11 12 13 
                                   14 15                         
               silage         5    12 20 30 40 50                


                                  Dimensions

                      Covariance Parameters            22
                      Columns in X                     11
                      Columns in Z Per Subject          6
                      Subjects                         57
                      Max Obs Per Subject             288


                            Number of Observations

                  Number of Observations Read           16416
                  Number of Observations Used           14928
                  Number of Observations Not Used        1488


                        Covariance Parameter Estimates
 
                      Cov Parm     Subject       Estimate

                      UN(1,1)      animal*day     17.1620
                      UN(2,1)      animal*day      3.5814
                      UN(2,2)      animal*day     12.9746
                      UN(3,1)      animal*day     -4.1658
                      UN(3,2)      animal*day     -0.2465
                      UN(3,3)      animal*day     14.1855
                      UN(4,1)      animal*day    -0.09487
                      UN(4,2)      animal*day    -0.06228
                      UN(4,3)      animal*day     0.07704
                      UN(4,4)      animal*day     13.3168
Predicting the timecourse of ruminal pH from continuous reticular pH measureme 6
                    Selection of Training & Testing Datasets
                                                  19:09 Monday, January 11, 2016

-------------------------- Sample Replicate Number=1 ---------------------------

                              The Mixed Procedure

                        Covariance Parameter Estimates
 
                      Cov Parm     Subject       Estimate

                      UN(5,1)      animal*day    -0.09505
                      UN(5,2)      animal*day    -0.07051
                      UN(5,3)      animal*day     0.08461
                      UN(5,4)      animal*day    0.002791
                      UN(5,5)      animal*day     13.2913
                      UN(6,1)      animal*day    -0.05068
                      UN(6,2)      animal*day     -0.1583
                      UN(6,3)      animal*day      0.1660
                      UN(6,4)      animal*day    0.009908
                      UN(6,5)      animal*day    0.005410
                      UN(6,6)      animal*day     13.3021
                      Residual                   0.003453


                                Fit Statistics

                     -2 Res Log Likelihood        -53376.2
                     AIC (smaller is better)      -53332.2
                     AICC (smaller is better)     -53332.1
                     BIC (smaller is better)      -53287.2


                        Null Model Likelihood Ratio Test
 
                          DF    Chi-Square      Pr > ChiSq

                          21      35061.61          <.0001


                          Solution for Fixed Effects
 
                                       Standard
 Effect          silage    Estimate       Error      DF    t Value    Pr > |t|

 Intercept                   4.6416      1.1832      47       3.92      0.0003
 reticph                     0.1537    0.006124    15E3      25.09      <.0001
 lag1p                       5.3590      0.5386      51       9.95      <.0001
 lag2r                       0.1374      0.5061      51       0.27      0.7870
 lag7r                      0.08246      0.5056      51       0.16      0.8711
 lag9r                      0.06394      0.5058      51       0.13      0.8999
 silage          12         -2.6016      1.7567    15E3      -1.48      0.1386
 silage          20         -1.3900      1.7103    15E3      -0.81      0.4164
 silage          30         -4.0180      1.6661    15E3      -2.41      0.0159
 silage          40         -3.6555      1.6582    15E3      -2.20      0.0275
 silage          50               0           .       .        .         .    
Predicting the timecourse of ruminal pH from continuous reticular pH measureme 7
                    Selection of Training & Testing Datasets
                                                  19:09 Monday, January 11, 2016

-------------------------- Sample Replicate Number=1 ---------------------------

                              The Mixed Procedure

                         Type 3 Tests of Fixed Effects
 
                               Num     Den
                 Effect         DF      DF    F Value    Pr > F

                 reticph         1    15E3     629.55    <.0001
                 lag1p           1      51      98.99    <.0001
                 lag2r           1      51       0.07    0.7870
                 lag7r           1      51       0.03    0.8711
                 lag9r           1      51       0.02    0.8999
                 silage          4    15E3       1.97    0.0964
Predicting the timecourse of ruminal pH from continuous reticular pH measureme 8
                    Selection of Training & Testing Datasets
                                                  19:09 Monday, January 11, 2016

-------------------------- Sample Replicate Number=2 ---------------------------

                              The Mixed Procedure

                               Model Information

             Data Set                     WORK.XV                  
             Dependent Variable           new_Prumenph             
             Covariance Structure         Unstructured             
             Subject Effect               animal*day               
             Estimation Method            MIVQUE0                  
             Residual Variance Method     Profile                  
             Fixed Effects SE Method      Model-Based              
             Degrees of Freedom Method    Containment              


                            Class Level Information
 
               Class     Levels    Values

               animal         4    52 64 138 183                 
               day           15    1 2 3 4 5 6 7 8 9 10 11 12 13 
                                   14 15                         
               silage         5    12 20 30 40 50                


                                  Dimensions

                      Covariance Parameters            22
                      Columns in X                     11
                      Columns in Z Per Subject          6
                      Subjects                         57
                      Max Obs Per Subject             288


                            Number of Observations

                  Number of Observations Read           16416
                  Number of Observations Used           14919
                  Number of Observations Not Used        1497


                        Covariance Parameter Estimates
 
                      Cov Parm     Subject       Estimate

                      UN(1,1)      animal*day     16.2084
                      UN(2,1)      animal*day      3.4480
                      UN(2,2)      animal*day     11.9764
                      UN(3,1)      animal*day     -4.0463
                      UN(3,2)      animal*day     -0.2740
                      UN(3,3)      animal*day     13.1455
                      UN(4,1)      animal*day    -0.09264
                      UN(4,2)      animal*day    -0.07333
                      UN(4,3)      animal*day     0.08800
                      UN(4,4)      animal*day     12.2664
Predicting the timecourse of ruminal pH from continuous reticular pH measureme 9
                    Selection of Training & Testing Datasets
                                                  19:09 Monday, January 11, 2016

-------------------------- Sample Replicate Number=2 ---------------------------

                              The Mixed Procedure

                        Covariance Parameter Estimates
 
                      Cov Parm     Subject       Estimate

                      UN(5,1)      animal*day    -0.09977
                      UN(5,2)      animal*day    -0.07578
                      UN(5,3)      animal*day     0.09055
                      UN(5,4)      animal*day    0.002072
                      UN(5,5)      animal*day     12.2439
                      UN(6,1)      animal*day    -0.05426
                      UN(6,2)      animal*day     -0.1626
                      UN(6,3)      animal*day      0.1709
                      UN(6,4)      animal*day     0.01042
                      UN(6,5)      animal*day    0.005374
                      UN(6,6)      animal*day     12.2554
                      Residual                   0.003181


                                Fit Statistics

                     -2 Res Log Likelihood        -54512.6
                     AIC (smaller is better)      -54468.6
                     AICC (smaller is better)     -54468.6
                     BIC (smaller is better)      -54423.7


                        Null Model Likelihood Ratio Test
 
                          DF    Chi-Square      Pr > ChiSq

                          21      36189.86          <.0001


                          Solution for Fixed Effects
 
                                       Standard
 Effect          silage    Estimate       Error      DF    t Value    Pr > |t|

 Intercept                   4.5400      1.1458      47       3.96      0.0003
 reticph                     0.1534    0.005890    15E3      26.04      <.0001
 lag1p                       4.8216      0.5199      51       9.27      <.0001
 lag2r                       0.1396      0.4857      51       0.29      0.7750
 lag7r                      0.08227      0.4853      51       0.17      0.8660
 lag9r                      0.07050      0.4855      51       0.15      0.8851
 silage          12         -2.8264      1.7589    15E3      -1.61      0.1081
 silage          20         -1.8284      1.6583    15E3      -1.10      0.2702
 silage          30         -3.5263      1.5797    15E3      -2.23      0.0256
 silage          40         -3.4427      1.6043    15E3      -2.15      0.0319
 silage          50               0           .       .        .         .    
Predicting the timecourse of ruminal pH from continuous reticular pH measurem 10
                    Selection of Training & Testing Datasets
                                                  19:09 Monday, January 11, 2016

-------------------------- Sample Replicate Number=2 ---------------------------

                              The Mixed Procedure

                         Type 3 Tests of Fixed Effects
 
                               Num     Den
                 Effect         DF      DF    F Value    Pr > F

                 reticph         1    15E3     678.14    <.0001
                 lag1p           1      51      86.00    <.0001
                 lag2r           1      51       0.08    0.7750
                 lag7r           1      51       0.03    0.8660
                 lag9r           1      51       0.02    0.8851
                 silage          4    15E3       1.67    0.1546
Predicting the timecourse of ruminal pH from continuous reticular pH measurem 11
                    Selection of Training & Testing Datasets
                                                  19:09 Monday, January 11, 2016

-------------------------- Sample Replicate Number=3 ---------------------------

                              The Mixed Procedure

                               Model Information

             Data Set                     WORK.XV                  
             Dependent Variable           new_Prumenph             
             Covariance Structure         Unstructured             
             Subject Effect               animal*day               
             Estimation Method            MIVQUE0                  
             Residual Variance Method     Profile                  
             Fixed Effects SE Method      Model-Based              
             Degrees of Freedom Method    Containment              


                            Class Level Information
 
               Class     Levels    Values

               animal         4    52 64 138 183                 
               day           15    1 2 3 4 5 6 7 8 9 10 11 12 13 
                                   14 15                         
               silage         5    12 20 30 40 50                


                                  Dimensions

                      Covariance Parameters            22
                      Columns in X                     11
                      Columns in Z Per Subject          6
                      Subjects                         57
                      Max Obs Per Subject             288


                            Number of Observations

                  Number of Observations Read           16416
                  Number of Observations Used           14928
                  Number of Observations Not Used        1488


                        Covariance Parameter Estimates
 
                      Cov Parm     Subject       Estimate

                      UN(1,1)      animal*day     16.8331
                      UN(2,1)      animal*day      3.6858
                      UN(2,2)      animal*day     13.0469
                      UN(3,1)      animal*day     -4.2161
                      UN(3,2)      animal*day     -0.2720
                      UN(3,3)      animal*day     14.2718
                      UN(4,1)      animal*day    -0.07228
                      UN(4,2)      animal*day    -0.08205
                      UN(4,3)      animal*day     0.09356
                      UN(4,4)      animal*day     13.3738
Predicting the timecourse of ruminal pH from continuous reticular pH measurem 12
                    Selection of Training & Testing Datasets
                                                  19:09 Monday, January 11, 2016

-------------------------- Sample Replicate Number=3 ---------------------------

                              The Mixed Procedure

                        Covariance Parameter Estimates
 
                      Cov Parm     Subject       Estimate

                      UN(5,1)      animal*day    -0.08574
                      UN(5,2)      animal*day    -0.07889
                      UN(5,3)      animal*day     0.09166
                      UN(5,4)      animal*day    0.002547
                      UN(5,5)      animal*day     13.3489
                      UN(6,1)      animal*day    -0.02871
                      UN(6,2)      animal*day     -0.1735
                      UN(6,3)      animal*day      0.1780
                      UN(6,4)      animal*day    0.008395
                      UN(6,5)      animal*day    0.005099
                      UN(6,6)      animal*day     13.3585
                      Residual                   0.003468


                                Fit Statistics

                     -2 Res Log Likelihood        -53339.3
                     AIC (smaller is better)      -53295.3
                     AICC (smaller is better)     -53295.2
                     BIC (smaller is better)      -53250.3


                        Null Model Likelihood Ratio Test
 
                          DF    Chi-Square      Pr > ChiSq

                          21      32835.56          <.0001


                          Solution for Fixed Effects
 
                                       Standard
 Effect          silage    Estimate       Error      DF    t Value    Pr > |t|

 Intercept                   4.1278      1.2901      47       3.20      0.0025
 reticph                     0.1536    0.006142    15E3      25.01      <.0001
 lag1p                       5.1484      0.5418      51       9.50      <.0001
 lag2r                       0.1431      0.5072      51       0.28      0.7790
 lag7r                      0.08413      0.5067      51       0.17      0.8688
 lag9r                      0.06828      0.5069      51       0.13      0.8934
 silage          12         -1.9935      1.8185    15E3      -1.10      0.2730
 silage          20         -1.2005      1.7782    15E3      -0.68      0.4996
 silage          30         -3.2088      1.7018    15E3      -1.89      0.0594
 silage          40         -3.0434      1.6931    15E3      -1.80      0.0723
 silage          50               0           .       .        .         .    
Predicting the timecourse of ruminal pH from continuous reticular pH measurem 13
                    Selection of Training & Testing Datasets
                                                  19:09 Monday, January 11, 2016

-------------------------- Sample Replicate Number=3 ---------------------------

                              The Mixed Procedure

                         Type 3 Tests of Fixed Effects
 
                               Num     Den
                 Effect         DF      DF    F Value    Pr > F

                 reticph         1    15E3     625.53    <.0001
                 lag1p           1      51      90.30    <.0001
                 lag2r           1      51       0.08    0.7790
                 lag7r           1      51       0.03    0.8688
                 lag9r           1      51       0.02    0.8934
                 silage          4    15E3       1.23    0.2967
Predicting the timecourse of ruminal pH from continuous reticular pH measurem 14
                    Selection of Training & Testing Datasets
                                                  19:09 Monday, January 11, 2016

-------------------------- Sample Replicate Number=4 ---------------------------

                              The Mixed Procedure

                               Model Information

             Data Set                     WORK.XV                  
             Dependent Variable           new_Prumenph             
             Covariance Structure         Unstructured             
             Subject Effect               animal*day               
             Estimation Method            MIVQUE0                  
             Residual Variance Method     Profile                  
             Fixed Effects SE Method      Model-Based              
             Degrees of Freedom Method    Containment              


                            Class Level Information
 
               Class     Levels    Values

               animal         4    52 64 138 183                 
               day           15    1 2 3 4 5 6 7 8 9 10 11 12 13 
                                   14 15                         
               silage         5    12 20 30 40 50                


                                  Dimensions

                      Covariance Parameters            22
                      Columns in X                     11
                      Columns in Z Per Subject          6
                      Subjects                         57
                      Max Obs Per Subject             288


                            Number of Observations

                  Number of Observations Read           16416
                  Number of Observations Used           14928
                  Number of Observations Not Used        1488


                        Covariance Parameter Estimates
 
                      Cov Parm     Subject       Estimate

                      UN(1,1)      animal*day     16.8184
                      UN(2,1)      animal*day      3.5997
                      UN(2,2)      animal*day     12.6059
                      UN(3,1)      animal*day     -4.1889
                      UN(3,2)      animal*day     -0.2526
                      UN(3,3)      animal*day     13.8233
                      UN(4,1)      animal*day    -0.09025
                      UN(4,2)      animal*day    -0.05827
                      UN(4,3)      animal*day     0.07236
                      UN(4,4)      animal*day     12.9443
Predicting the timecourse of ruminal pH from continuous reticular pH measurem 15
                    Selection of Training & Testing Datasets
                                                  19:09 Monday, January 11, 2016

-------------------------- Sample Replicate Number=4 ---------------------------

                              The Mixed Procedure

                        Covariance Parameter Estimates
 
                      Cov Parm     Subject       Estimate

                      UN(5,1)      animal*day    -0.09946
                      UN(5,2)      animal*day    -0.07015
                      UN(5,3)      animal*day     0.08490
                      UN(5,4)      animal*day    0.003178
                      UN(5,5)      animal*day     12.9197
                      UN(6,1)      animal*day    -0.05277
                      UN(6,2)      animal*day     -0.1280
                      UN(6,3)      animal*day      0.1360
                      UN(6,4)      animal*day    0.009739
                      UN(6,5)      animal*day    0.005196
                      UN(6,6)      animal*day     12.9279
                      Residual                   0.003357


                                Fit Statistics

                     -2 Res Log Likelihood        -53812.9
                     AIC (smaller is better)      -53768.9
                     AICC (smaller is better)     -53768.8
                     BIC (smaller is better)      -53723.9


                        Null Model Likelihood Ratio Test
 
                          DF    Chi-Square      Pr > ChiSq

                          21      35691.69          <.0001


                          Solution for Fixed Effects
 
                                       Standard
 Effect          silage    Estimate       Error      DF    t Value    Pr > |t|

 Intercept                   5.1663      1.2239      47       4.22      0.0001
 reticph                     0.1535    0.006021    15E3      25.50      <.0001
 lag1p                       5.1781      0.5329      51       9.72      <.0001
 lag2r                       0.1403      0.4990      51       0.28      0.7796
 lag7r                      0.08623      0.4985      51       0.17      0.8633
 lag9r                      0.08547      0.4986      51       0.17      0.8646
 silage          12         -2.1306      1.9018    15E3      -1.12      0.2626
 silage          20         -2.7059      1.6871    15E3      -1.60      0.1088
 silage          30         -4.2466      1.6513    15E3      -2.57      0.0101
 silage          40         -4.1150      1.6423    15E3      -2.51      0.0122
 silage          50               0           .       .        .         .    
Predicting the timecourse of ruminal pH from continuous reticular pH measurem 16
                    Selection of Training & Testing Datasets
                                                  19:09 Monday, January 11, 2016

-------------------------- Sample Replicate Number=4 ---------------------------

                              The Mixed Procedure

                         Type 3 Tests of Fixed Effects
 
                               Num     Den
                 Effect         DF      DF    F Value    Pr > F

                 reticph         1    15E3     650.11    <.0001
                 lag1p           1      51      94.42    <.0001
                 lag2r           1      51       0.08    0.7796
                 lag7r           1      51       0.03    0.8633
                 lag9r           1      51       0.03    0.8646
                 silage          4    15E3       2.15    0.0715
Predicting the timecourse of ruminal pH from continuous reticular pH measurem 17
                    Selection of Training & Testing Datasets
                                                  19:09 Monday, January 11, 2016

-------------------------- Sample Replicate Number=5 ---------------------------

                              The Mixed Procedure

                               Model Information

             Data Set                     WORK.XV                  
             Dependent Variable           new_Prumenph             
             Covariance Structure         Unstructured             
             Subject Effect               animal*day               
             Estimation Method            MIVQUE0                  
             Residual Variance Method     Profile                  
             Fixed Effects SE Method      Model-Based              
             Degrees of Freedom Method    Containment              


                            Class Level Information
 
               Class     Levels    Values

               animal         4    52 64 138 183                 
               day           15    1 2 3 4 5 6 7 8 9 10 11 12 13 
                                   14 15                         
               silage         5    12 20 30 40 50                


                                  Dimensions

                      Covariance Parameters            22
                      Columns in X                     11
                      Columns in Z Per Subject          6
                      Subjects                         57
                      Max Obs Per Subject             288


                            Number of Observations

                  Number of Observations Read           16416
                  Number of Observations Used           14928
                  Number of Observations Not Used        1488


                        Covariance Parameter Estimates
 
                      Cov Parm     Subject       Estimate

                      UN(1,1)      animal*day     17.5990
                      UN(2,1)      animal*day      3.7023
                      UN(2,2)      animal*day     13.4446
                      UN(3,1)      animal*day     -4.2769
                      UN(3,2)      animal*day     -0.2315
                      UN(3,3)      animal*day     14.6926
                      UN(4,1)      animal*day    -0.09040
                      UN(4,2)      animal*day    -0.09915
                      UN(4,3)      animal*day      0.1132
                      UN(4,4)      animal*day     13.8209
Predicting the timecourse of ruminal pH from continuous reticular pH measurem 18
                    Selection of Training & Testing Datasets
                                                  19:09 Monday, January 11, 2016

-------------------------- Sample Replicate Number=5 ---------------------------

                              The Mixed Procedure

                        Covariance Parameter Estimates
 
                      Cov Parm     Subject       Estimate

                      UN(5,1)      animal*day    -0.09478
                      UN(5,2)      animal*day    -0.07837
                      UN(5,3)      animal*day     0.09246
                      UN(5,4)      animal*day    0.003043
                      UN(5,5)      animal*day     13.7956
                      UN(6,1)      animal*day    -0.05128
                      UN(6,2)      animal*day     -0.1836
                      UN(6,3)      animal*day      0.1914
                      UN(6,4)      animal*day    0.009308
                      UN(6,5)      animal*day    0.005770
                      UN(6,6)      animal*day     13.8060
                      Residual                   0.003584


                                Fit Statistics

                     -2 Res Log Likelihood        -52860.1
                     AIC (smaller is better)      -52816.1
                     AICC (smaller is better)     -52816.1
                     BIC (smaller is better)      -52771.2


                        Null Model Likelihood Ratio Test
 
                          DF    Chi-Square      Pr > ChiSq

                          21      33582.16          <.0001


                          Solution for Fixed Effects
 
                                       Standard
 Effect          silage    Estimate       Error      DF    t Value    Pr > |t|

 Intercept                   4.6039      1.1982      47       3.84      0.0004
 reticph                     0.1534    0.006249    15E3      24.55      <.0001
 lag1p                       5.4831      0.5497      51       9.97      <.0001
 lag2r                       0.1282      0.5156      51       0.25      0.8046
 lag7r                      0.08211      0.5151      51       0.16      0.8740
 lag9r                      0.05642      0.5153      51       0.11      0.9132
 silage          12         -1.2861      1.9117    15E3      -0.67      0.5011
 silage          20         -2.7815      1.6571    15E3      -1.68      0.0933
 silage          30         -3.9725      1.6896    15E3      -2.35      0.0187
 silage          40         -3.1051      1.6792    15E3      -1.85      0.0645
 silage          50               0           .       .        .         .    
Predicting the timecourse of ruminal pH from continuous reticular pH measurem 19
                    Selection of Training & Testing Datasets
                                                  19:09 Monday, January 11, 2016

-------------------------- Sample Replicate Number=5 ---------------------------

                              The Mixed Procedure

                         Type 3 Tests of Fixed Effects
 
                               Num     Den
                 Effect         DF      DF    F Value    Pr > F

                 reticph         1    15E3     602.71    <.0001
                 lag1p           1      51      99.48    <.0001
                 lag2r           1      51       0.06    0.8046
                 lag7r           1      51       0.03    0.8740
                 lag9r           1      51       0.01    0.9132
                 silage          4    15E3       1.69    0.1483
Predicting the timecourse of ruminal pH from continuous reticular pH measurem 20
                    Selection of Training & Testing Datasets
                                                  19:09 Monday, January 11, 2016

-------------------------- Sample Replicate Number=6 ---------------------------

                              The Mixed Procedure

                               Model Information

             Data Set                     WORK.XV                  
             Dependent Variable           new_Prumenph             
             Covariance Structure         Unstructured             
             Subject Effect               animal*day               
             Estimation Method            MIVQUE0                  
             Residual Variance Method     Profile                  
             Fixed Effects SE Method      Model-Based              
             Degrees of Freedom Method    Containment              


                            Class Level Information
 
               Class     Levels    Values

               animal         4    52 64 138 183                 
               day           15    1 2 3 4 5 6 7 8 9 10 11 12 13 
                                   14 15                         
               silage         5    12 20 30 40 50                


                                  Dimensions

                      Covariance Parameters            22
                      Columns in X                     11
                      Columns in Z Per Subject          6
                      Subjects                         57
                      Max Obs Per Subject             288


                            Number of Observations

                  Number of Observations Read           16416
                  Number of Observations Used           14919
                  Number of Observations Not Used        1497


                        Covariance Parameter Estimates
 
                      Cov Parm     Subject       Estimate

                      UN(1,1)      animal*day     17.2303
                      UN(2,1)      animal*day      3.9106
                      UN(2,2)      animal*day     13.2670
                      UN(3,1)      animal*day     -4.4569
                      UN(3,2)      animal*day     -0.2433
                      UN(3,3)      animal*day     14.5667
                      UN(4,1)      animal*day    -0.07479
                      UN(4,2)      animal*day    -0.08187
                      UN(4,3)      animal*day     0.09370
                      UN(4,4)      animal*day     13.6589
Predicting the timecourse of ruminal pH from continuous reticular pH measurem 21
                    Selection of Training & Testing Datasets
                                                  19:09 Monday, January 11, 2016

-------------------------- Sample Replicate Number=6 ---------------------------

                              The Mixed Procedure

                        Covariance Parameter Estimates
 
                      Cov Parm     Subject       Estimate

                      UN(5,1)      animal*day    -0.09305
                      UN(5,2)      animal*day    -0.08138
                      UN(5,3)      animal*day     0.09524
                      UN(5,4)      animal*day    0.002973
                      UN(5,5)      animal*day     13.6341
                      UN(6,1)      animal*day    -0.02794
                      UN(6,2)      animal*day     -0.1754
                      UN(6,3)      animal*day      0.1798
                      UN(6,4)      animal*day    0.008101
                      UN(6,5)      animal*day    0.005325
                      UN(6,6)      animal*day     13.6435
                      Residual                   0.003542


                                Fit Statistics

                     -2 Res Log Likelihood        -52983.5
                     AIC (smaller is better)      -52939.5
                     AICC (smaller is better)     -52939.4
                     BIC (smaller is better)      -52894.5


                        Null Model Likelihood Ratio Test
 
                          DF    Chi-Square      Pr > ChiSq

                          21      33159.09          <.0001


                          Solution for Fixed Effects
 
                                       Standard
 Effect          silage    Estimate       Error      DF    t Value    Pr > |t|

 Intercept                   4.5925      1.2996      47       3.53      0.0009
 reticph                     0.1534    0.006203    15E3      24.73      <.0001
 lag1p                       5.1875      0.5469      51       9.49      <.0001
 lag2r                       0.1313      0.5126      51       0.26      0.7989
 lag7r                      0.08217      0.5121      51       0.16      0.8732
 lag9r                      0.06225      0.5122      51       0.12      0.9037
 silage          12         -1.7979      1.8861    15E3      -0.95      0.3405
 silage          20         -2.3200      1.7494    15E3      -1.33      0.1848
 silage          30         -3.6391      1.7135    15E3      -2.12      0.0337
 silage          40         -3.5473      1.7041    15E3      -2.08      0.0374
 silage          50               0           .       .        .         .    
Predicting the timecourse of ruminal pH from continuous reticular pH measurem 22
                    Selection of Training & Testing Datasets
                                                  19:09 Monday, January 11, 2016

-------------------------- Sample Replicate Number=6 ---------------------------

                              The Mixed Procedure

                         Type 3 Tests of Fixed Effects
 
                               Num     Den
                 Effect         DF      DF    F Value    Pr > F

                 reticph         1    15E3     611.44    <.0001
                 lag1p           1      51      89.98    <.0001
                 lag2r           1      51       0.07    0.7989
                 lag7r           1      51       0.03    0.8732
                 lag9r           1      51       0.01    0.9037
                 silage          4    15E3       1.48    0.2050
Predicting the timecourse of ruminal pH from continuous reticular pH measurem 23
                    Selection of Training & Testing Datasets
                                                  19:09 Monday, January 11, 2016

-------------------------- Sample Replicate Number=7 ---------------------------

                              The Mixed Procedure

                               Model Information

             Data Set                     WORK.XV                  
             Dependent Variable           new_Prumenph             
             Covariance Structure         Unstructured             
             Subject Effect               animal*day               
             Estimation Method            MIVQUE0                  
             Residual Variance Method     Profile                  
             Fixed Effects SE Method      Model-Based              
             Degrees of Freedom Method    Containment              


                            Class Level Information
 
               Class     Levels    Values

               animal         4    52 64 138 183                 
               day           15    1 2 3 4 5 6 7 8 9 10 11 12 13 
                                   14 15                         
               silage         5    12 20 30 40 50                


                                  Dimensions

                      Covariance Parameters            22
                      Columns in X                     11
                      Columns in Z Per Subject          6
                      Subjects                         57
                      Max Obs Per Subject             288


                            Number of Observations

                  Number of Observations Read           16416
                  Number of Observations Used           14919
                  Number of Observations Not Used        1497


                        Covariance Parameter Estimates
 
                      Cov Parm     Subject       Estimate

                      UN(1,1)      animal*day     13.7086
                      UN(2,1)      animal*day      4.2250
                      UN(2,2)      animal*day      9.7887
                      UN(3,1)      animal*day     -4.7380
                      UN(3,2)      animal*day     -0.1507
                      UN(3,3)      animal*day     11.1911
                      UN(4,1)      animal*day     -0.1313
                      UN(4,2)      animal*day    0.009847
                      UN(4,3)      animal*day     0.01068
                      UN(4,4)      animal*day     10.3268
Predicting the timecourse of ruminal pH from continuous reticular pH measurem 24
                    Selection of Training & Testing Datasets
                                                  19:09 Monday, January 11, 2016

-------------------------- Sample Replicate Number=7 ---------------------------

                              The Mixed Procedure

                        Covariance Parameter Estimates
 
                      Cov Parm     Subject       Estimate

                      UN(5,1)      animal*day     -0.1072
                      UN(5,2)      animal*day    -0.06851
                      UN(5,3)      animal*day     0.08449
                      UN(5,4)      animal*day    0.001465
                      UN(5,5)      animal*day     10.3035
                      UN(6,1)      animal*day    -0.08472
                      UN(6,2)      animal*day    -0.08974
                      UN(6,3)      animal*day      0.1027
                      UN(6,4)      animal*day    0.006079
                      UN(6,5)      animal*day    0.004338
                      UN(6,6)      animal*day     10.3099
                      Residual                   0.002677


                                Fit Statistics

                     -2 Res Log Likelihood        -56752.2
                     AIC (smaller is better)      -56708.2
                     AICC (smaller is better)     -56708.2
                     BIC (smaller is better)      -56663.3


                        Null Model Likelihood Ratio Test
 
                          DF    Chi-Square      Pr > ChiSq

                          21      36877.60          <.0001


                          Solution for Fixed Effects
 
                                       Standard
 Effect          silage    Estimate       Error      DF    t Value    Pr > |t|

 Intercept                   5.7000      0.9424      47       6.05      <.0001
 reticph                     0.1534    0.005564    15E3      27.57      <.0001
 lag1p                       4.9099      0.4799      51      10.23      <.0001
 lag2r                       0.1690      0.4457      51       0.38      0.7061
 lag7r                      0.07944      0.4452      51       0.18      0.8591
 lag9r                      0.08374      0.4453      51       0.19      0.8516
 silage          12         -3.0982      1.4767    15E3      -2.10      0.0359
 silage          20         -1.7312      1.3574    15E3      -1.28      0.2022
 silage          30         -3.6668      1.3861    15E3      -2.65      0.0082
 silage          40         -5.7819      1.3303    15E3      -4.35      <.0001
 silage          50               0           .       .        .         .    
Predicting the timecourse of ruminal pH from continuous reticular pH measurem 25
                    Selection of Training & Testing Datasets
                                                  19:09 Monday, January 11, 2016

-------------------------- Sample Replicate Number=7 ---------------------------

                              The Mixed Procedure

                         Type 3 Tests of Fixed Effects
 
                               Num     Den
                 Effect         DF      DF    F Value    Pr > F

                 reticph         1    15E3     760.01    <.0001
                 lag1p           1      51     104.68    <.0001
                 lag2r           1      51       0.14    0.7061
                 lag7r           1      51       0.03    0.8591
                 lag9r           1      51       0.04    0.8516
                 silage          4    15E3       5.20    0.0003
Predicting the timecourse of ruminal pH from continuous reticular pH measurem 26
                    Selection of Training & Testing Datasets
                                                  19:09 Monday, January 11, 2016

-------------------------- Sample Replicate Number=8 ---------------------------

                              The Mixed Procedure

                               Model Information

             Data Set                     WORK.XV                  
             Dependent Variable           new_Prumenph             
             Covariance Structure         Unstructured             
             Subject Effect               animal*day               
             Estimation Method            MIVQUE0                  
             Residual Variance Method     Profile                  
             Fixed Effects SE Method      Model-Based              
             Degrees of Freedom Method    Containment              


                            Class Level Information
 
               Class     Levels    Values

               animal         4    52 64 138 183                 
               day           15    1 2 3 4 5 6 7 8 9 10 11 12 13 
                                   14 15                         
               silage         5    12 20 30 40 50                


                                  Dimensions

                      Covariance Parameters            22
                      Columns in X                     11
                      Columns in Z Per Subject          6
                      Subjects                         57
                      Max Obs Per Subject             288


                            Number of Observations

                  Number of Observations Read           16416
                  Number of Observations Used           14958
                  Number of Observations Not Used        1458


                        Covariance Parameter Estimates
 
                      Cov Parm     Subject       Estimate

                      UN(1,1)      animal*day     15.5646
                      UN(2,1)      animal*day      3.2398
                      UN(2,2)      animal*day     11.5554
                      UN(3,1)      animal*day     -3.8077
                      UN(3,2)      animal*day     -0.2590
                      UN(3,3)      animal*day     12.6608
                      UN(4,1)      animal*day     -0.1111
                      UN(4,2)      animal*day    -0.09978
                      UN(4,3)      animal*day      0.1173
                      UN(4,4)      animal*day     11.8356
Predicting the timecourse of ruminal pH from continuous reticular pH measurem 27
                    Selection of Training & Testing Datasets
                                                  19:09 Monday, January 11, 2016

-------------------------- Sample Replicate Number=8 ---------------------------

                              The Mixed Procedure

                        Covariance Parameter Estimates
 
                      Cov Parm     Subject       Estimate

                      UN(5,1)      animal*day    -0.09884
                      UN(5,2)      animal*day    -0.06999
                      UN(5,3)      animal*day     0.08467
                      UN(5,4)      animal*day    0.003674
                      UN(5,5)      animal*day     11.8086
                      UN(6,1)      animal*day    -0.05808
                      UN(6,2)      animal*day     -0.1853
                      UN(6,3)      animal*day      0.1942
                      UN(6,4)      animal*day     0.01011
                      UN(6,5)      animal*day    0.005651
                      UN(6,6)      animal*day     11.8188
                      Residual                   0.003068


                                Fit Statistics

                     -2 Res Log Likelihood        -55300.6
                     AIC (smaller is better)      -55256.6
                     AICC (smaller is better)     -55256.6
                     BIC (smaller is better)      -55211.7


                        Null Model Likelihood Ratio Test
 
                          DF    Chi-Square      Pr > ChiSq

                          21      36221.51          <.0001


                          Solution for Fixed Effects
 
                                       Standard
 Effect          silage    Estimate       Error      DF    t Value    Pr > |t|

 Intercept                   5.1874      1.1260      47       4.61      <.0001
 reticph                     0.1536    0.005788    15E3      26.54      <.0001
 lag1p                       4.6719      0.5109      51       9.14      <.0001
 lag2r                       0.1307      0.4771      51       0.27      0.7853
 lag7r                      0.08567      0.4766      51       0.18      0.8581
 lag9r                      0.05599      0.4767      51       0.12      0.9070
 silage          12         -2.9413      1.6710    15E3      -1.76      0.0784
 silage          20         -5.0287      1.6308    15E3      -3.08      0.0020
 silage          30         -4.1631      1.5526    15E3      -2.68      0.0073
 silage          40         -4.2332      1.6162    15E3      -2.62      0.0088
 silage          50               0           .       .        .         .    
Predicting the timecourse of ruminal pH from continuous reticular pH measurem 28
                    Selection of Training & Testing Datasets
                                                  19:09 Monday, January 11, 2016

-------------------------- Sample Replicate Number=8 ---------------------------

                              The Mixed Procedure

                         Type 3 Tests of Fixed Effects
 
                               Num     Den
                 Effect         DF      DF    F Value    Pr > F

                 reticph         1    15E3     704.33    <.0001
                 lag1p           1      51      83.63    <.0001
                 lag2r           1      51       0.08    0.7853
                 lag7r           1      51       0.03    0.8581
                 lag9r           1      51       0.01    0.9070
                 silage          4    15E3       3.05    0.0160
Predicting the timecourse of ruminal pH from continuous reticular pH measurem 29
                    Selection of Training & Testing Datasets
                                                  19:09 Monday, January 11, 2016

-------------------------- Sample Replicate Number=9 ---------------------------

                              The Mixed Procedure

                               Model Information

             Data Set                     WORK.XV                  
             Dependent Variable           new_Prumenph             
             Covariance Structure         Unstructured             
             Subject Effect               animal*day               
             Estimation Method            MIVQUE0                  
             Residual Variance Method     Profile                  
             Fixed Effects SE Method      Model-Based              
             Degrees of Freedom Method    Containment              


                            Class Level Information
 
               Class     Levels    Values

               animal         4    52 64 138 183                 
               day           15    1 2 3 4 5 6 7 8 9 10 11 12 13 
                                   14 15                         
               silage         5    12 20 30 40 50                


                                  Dimensions

                      Covariance Parameters            22
                      Columns in X                     11
                      Columns in Z Per Subject          6
                      Subjects                         57
                      Max Obs Per Subject             288


                            Number of Observations

                  Number of Observations Read           16416
                  Number of Observations Used           14928
                  Number of Observations Not Used        1488


                        Covariance Parameter Estimates
 
                      Cov Parm     Subject       Estimate

                      UN(1,1)      animal*day     17.9659
                      UN(2,1)      animal*day      3.5012
                      UN(2,2)      animal*day     13.9021
                      UN(3,1)      animal*day     -4.0734
                      UN(3,2)      animal*day     -0.2730
                      UN(3,3)      animal*day     15.0818
                      UN(4,1)      animal*day    -0.09735
                      UN(4,2)      animal*day    -0.07696
                      UN(4,3)      animal*day     0.09239
                      UN(4,4)      animal*day     14.2037
Predicting the timecourse of ruminal pH from continuous reticular pH measurem 30
                    Selection of Training & Testing Datasets
                                                  19:09 Monday, January 11, 2016

-------------------------- Sample Replicate Number=9 ---------------------------

                              The Mixed Procedure

                        Covariance Parameter Estimates
 
                      Cov Parm     Subject       Estimate

                      UN(5,1)      animal*day     -0.1003
                      UN(5,2)      animal*day    -0.08096
                      UN(5,3)      animal*day     0.09586
                      UN(5,4)      animal*day    0.002632
                      UN(5,5)      animal*day     14.1778
                      UN(6,1)      animal*day    -0.05747
                      UN(6,2)      animal*day     -0.1731
                      UN(6,3)      animal*day      0.1820
                      UN(6,4)      animal*day    0.008996
                      UN(6,5)      animal*day    0.005335
                      UN(6,6)      animal*day     14.1873
                      Residual                   0.003684


                                Fit Statistics

                     -2 Res Log Likelihood        -52490.5
                     AIC (smaller is better)      -52446.5
                     AICC (smaller is better)     -52446.4
                     BIC (smaller is better)      -52401.5


                        Null Model Likelihood Ratio Test
 
                          DF    Chi-Square      Pr > ChiSq

                          21      34186.62          <.0001


                          Solution for Fixed Effects
 
                                       Standard
 Effect          silage    Estimate       Error      DF    t Value    Pr > |t|

 Intercept                   4.5239      1.2208      47       3.71      0.0006
 reticph                     0.1535    0.006375    15E3      24.08      <.0001
 lag1p                       5.0794      0.5580      51       9.10      <.0001
 lag2r                       0.1420      0.5227      51       0.27      0.7870
 lag7r                      0.08149      0.5222      51       0.16      0.8766
 lag9r                      0.06433      0.5223      51       0.12      0.9025
 silage          12         -2.6217      1.8135    15E3      -1.45      0.1483
 silage          20         -2.6845      1.7255    15E3      -1.56      0.1198
 silage          30         -4.1083      1.7657    15E3      -2.33      0.0200
 silage          40         -2.8922      1.7132    15E3      -1.69      0.0914
 silage          50               0           .       .        .         .    
Predicting the timecourse of ruminal pH from continuous reticular pH measurem 31
                    Selection of Training & Testing Datasets
                                                  19:09 Monday, January 11, 2016

-------------------------- Sample Replicate Number=9 ---------------------------

                              The Mixed Procedure

                         Type 3 Tests of Fixed Effects
 
                               Num     Den
                 Effect         DF      DF    F Value    Pr > F

                 reticph         1    15E3     579.89    <.0001
                 lag1p           1      51      82.88    <.0001
                 lag2r           1      51       0.07    0.7870
                 lag7r           1      51       0.02    0.8766
                 lag9r           1      51       0.02    0.9025
                 silage          4    15E3       1.48    0.2043
Predicting the timecourse of ruminal pH from continuous reticular pH measurem 32
                    Selection of Training & Testing Datasets
                                                  19:09 Monday, January 11, 2016

-------------------------- Sample Replicate Number=10 --------------------------

                              The Mixed Procedure

                               Model Information

             Data Set                     WORK.XV                  
             Dependent Variable           new_Prumenph             
             Covariance Structure         Unstructured             
             Subject Effect               animal*day               
             Estimation Method            MIVQUE0                  
             Residual Variance Method     Profile                  
             Fixed Effects SE Method      Model-Based              
             Degrees of Freedom Method    Containment              


                            Class Level Information
 
               Class     Levels    Values

               animal         4    52 64 138 183                 
               day           15    1 2 3 4 5 6 7 8 9 10 11 12 13 
                                   14 15                         
               silage         5    12 20 30 40 50                


                                  Dimensions

                      Covariance Parameters            22
                      Columns in X                     11
                      Columns in Z Per Subject          6
                      Subjects                         57
                      Max Obs Per Subject             288


                            Number of Observations

                  Number of Observations Read           16416
                  Number of Observations Used           14919
                  Number of Observations Not Used        1497


                        Covariance Parameter Estimates
 
                      Cov Parm     Subject       Estimate

                      UN(1,1)      animal*day     15.8064
                      UN(2,1)      animal*day      3.5391
                      UN(2,2)      animal*day     11.3991
                      UN(3,1)      animal*day     -4.1575
                      UN(3,2)      animal*day     -0.2411
                      UN(3,3)      animal*day     12.6035
                      UN(4,1)      animal*day     -0.1032
                      UN(4,2)      animal*day    -0.06419
                      UN(4,3)      animal*day     0.08013
                      UN(4,4)      animal*day     11.7384
Predicting the timecourse of ruminal pH from continuous reticular pH measurem 33
                    Selection of Training & Testing Datasets
                                                  19:09 Monday, January 11, 2016

-------------------------- Sample Replicate Number=10 --------------------------

                              The Mixed Procedure

                        Covariance Parameter Estimates
 
                      Cov Parm     Subject       Estimate

                      UN(5,1)      animal*day    -0.09946
                      UN(5,2)      animal*day    -0.07096
                      UN(5,3)      animal*day     0.08580
                      UN(5,4)      animal*day    0.004644
                      UN(5,5)      animal*day     11.7148
                      UN(6,1)      animal*day    -0.05108
                      UN(6,2)      animal*day     -0.1556
                      UN(6,3)      animal*day      0.1634
                      UN(6,4)      animal*day    0.009714
                      UN(6,5)      animal*day    0.005215
                      UN(6,6)      animal*day     11.7259
                      Residual                   0.003044


                                Fit Statistics

                     -2 Res Log Likelihood        -55203.3
                     AIC (smaller is better)      -55159.3
                     AICC (smaller is better)     -55159.3
                     BIC (smaller is better)      -55114.4


                        Null Model Likelihood Ratio Test
 
                          DF    Chi-Square      Pr > ChiSq

                          21      36723.27          <.0001


                          Solution for Fixed Effects
 
                                       Standard
 Effect          silage    Estimate       Error      DF    t Value    Pr > |t|

 Intercept                   4.6370      1.1200      47       4.14      0.0001
 reticph                     0.1530    0.005785    15E3      26.45      <.0001
 lag1p                       4.2384      0.5092      51       8.32      <.0001
 lag2r                       0.1661      0.4752      51       0.35      0.7281
 lag7r                      0.08180      0.4747      51       0.17      0.8639
 lag9r                      0.06920      0.4749      51       0.15      0.8847
 silage          12         -3.3336      1.7906    15E3      -1.86      0.0627
 silage          20         -2.2669      1.5841    15E3      -1.43      0.1524
 silage          30         -3.3809      1.5440    15E3      -2.19      0.0286
 silage          40         -3.5814      1.5667    15E3      -2.29      0.0223
 silage          50               0           .       .        .         .    
Predicting the timecourse of ruminal pH from continuous reticular pH measurem 34
                    Selection of Training & Testing Datasets
                                                  19:09 Monday, January 11, 2016

-------------------------- Sample Replicate Number=10 --------------------------

                              The Mixed Procedure

                         Type 3 Tests of Fixed Effects
 
                               Num     Den
                 Effect         DF      DF    F Value    Pr > F

                 reticph         1    15E3     699.59    <.0001
                 lag1p           1      51      69.29    <.0001
                 lag2r           1      51       0.12    0.7281
                 lag7r           1      51       0.03    0.8639
                 lag9r           1      51       0.02    0.8847
                 silage          4    15E3       1.77    0.1309
Predicting the timecourse of ruminal pH from continuous reticular pH measurem 35
                        10-Fold Cross Validation Summary
                            MAE: Mean Absolute Error
                                                  19:09 Monday, January 11, 2016

                 Obs    _TYPE_    _FREQ_      RMSE       MAE

                  1        0       14400    3.08994    30.0440
Predicting the timecourse of ruminal pH from continuous reticular pH measurem 36
                          UCM with Cyclical Component
                                                  19:09 Monday, January 11, 2016

                               The UCM Procedure

                                Input Data Set

                         Name                  WORK.PH
                         Time ID Variable    date_time
Predicting the timecourse of ruminal pH from continuous reticular pH measurem 37
                          UCM with Cyclical Component
                                                  19:09 Monday, January 11, 2016

---------------------------------- animal=52 -----------------------------------

                               The UCM Procedure

                            Estimation Span Summary
 
 Variable  Type           First Obs       Last Obs    NObs   NMiss          Min

 rumenph   Dependent  23JAN14:05:58  04FEB14:05:53    3456      27      5.85885
 reticph   Predictor  23JAN14:05:58  04FEB14:05:53    3456       0      5.62396

                            Estimation Span Summary
 
                                                               Standard
         Variable  Type               Max           Mean      Deviation

         rumenph   Dependent      7.09862        6.56667        0.21949
         reticph   Predictor      7.19083        6.63752        0.25154


                             Forecast Span Summary
 
 Variable  Type           First Obs       Last Obs    NObs   NMiss          Min

 rumenph   Dependent  23JAN14:05:58  04FEB14:05:53    3456      27      5.85885
 reticph   Predictor  23JAN14:05:58  04FEB14:05:53    3456       0      5.62396

                             Forecast Span Summary
 
                                                               Standard
         Variable  Type               Max           Mean      Deviation

         rumenph   Dependent      7.09862        6.56667        0.21949
         reticph   Predictor      7.19083        6.63752        0.25154


                         Fixed Parameters in the Model
 
               Component           Parameter               Value

               Level               Error Variance              0


                 Preliminary  Estimates of the Free Parameters
 
               Component           Parameter            Estimate

               Cycle               Damping Factor        0.90000
               Cycle               Period              170.66667
               Cycle               Error Variance        0.02447


Predicting the timecourse of ruminal pH from continuous reticular pH measurem 38
                          UCM with Cyclical Component
                                                  19:09 Monday, January 11, 2016

---------------------------------- animal=52 -----------------------------------

                               The UCM Procedure

                        Likelihood Based Fit Statistics
 
                  Statistic                              Value

                  Full Log Likelihood                   5145.7
                  Diffuse Part of Log Likelihood        4.7371
                  Non-Missing Observations Used           3429
                  Estimated Parameters                       3
                  Initialized Diffuse State Elements         2
                  Normalized Residual Sum of Squares    3426.8
                  AIC (smaller is better)               -10285
                  BIC (smaller is better)               -10267
                  AICC (smaller is better)              -10285
                  HQIC (smaller is better)              -10279
                  CAIC (smaller is better)              -10264

Likelihood Optimization Algorithm Converged in 19 Iterations.                   


                     Final Estimates of the Free Parameters
 
                                                     Approx             Approx
  Component         Parameter          Estimate   Std Error  t Value  Pr > |t|

  Cycle             Damping Factor      0.96487   0.0046363   208.11    <.0001
  Cycle             Period                88296   7534114.4     0.01    0.9906
  Cycle             Error Variance      0.00290   0.0003823     7.58    <.0001
  reticph           Coefficient         0.09044     0.01638     5.52    <.0001


                       Fit Statistics Based on Residuals

                 Mean Squared Error                    0.00291
                 Root Mean Squared Error               0.05395
                 Mean Absolute Percentage Error        0.60521
                 Maximum Percent Error                 6.73491
                 R-Square                              0.93960
                 Adjusted R-Square                     0.93956
                 Random Walk R-Square                  0.02513
                 Amemiya's Adjusted R-Square           0.93949

                   Number of non-missing residuals used for
                      computing the fit statistics = 3427


Predicting the timecourse of ruminal pH from continuous reticular pH measurem 39
                          UCM with Cyclical Component
                                                  19:09 Monday, January 11, 2016

---------------------------------- animal=52 -----------------------------------

                               The UCM Procedure

                      Significance Analysis of Components
                           (Based on the Final State)
 
             Component               DF    Chi-Square    Pr > ChiSq

             Level                    1       2850.21        <.0001
             Cycle                    2         25.31        <.0001


                  Trend Information (Based on the Final State)
 
                                                      Standard
                  Name                   Estimate        Error

                  Level               5.965929561     0.111748


                               Summary of Cycles
 
                                                            Damping       Final
Name             Type                Period   Frequency      Factor   Amplitude

Cycle            Stationary           88296  0.00007116     0.96487     0.13064

                               Summary of Cycles
 
                                       Percent
                                      Relative          Cycle          Error
   Name             Type              to Level       Variance       Variance

   Cycle            Stationary         2.18980        0.04200        0.00290


                                Outlier Summary
 
                                                   Standard
   Obs     date_time Break Type          Estimate     Error Chi-Square     DF

  1313 27JAN14:19:18 Additive Outlier     0.25278 0.0387461      42.56      1
  1728 29JAN14:05:53 Additive Outlier     0.25202 0.0387488      42.30      1
  1303 27JAN14:18:28 Additive Outlier    -0.21966 0.0387727      32.10      1
  1006 26JAN14:17:43 Additive Outlier    -0.19229 0.0387455      24.63      1
  1007 26JAN14:17:48 Additive Outlier     0.18198 0.0387545      22.05      1

                                 Outlier Summary
 
                  Obs     date_time Break Type       Pr > ChiSq

                 1313 27JAN14:19:18 Additive Outlier     <.0001
                 1728 29JAN14:05:53 Additive Outlier     <.0001
                 1303 27JAN14:18:28 Additive Outlier     <.0001
                 1006 26JAN14:17:43 Additive Outlier     <.0001
Predicting the timecourse of ruminal pH from continuous reticular pH measurem 40
                          UCM with Cyclical Component
                                                  19:09 Monday, January 11, 2016

---------------------------------- animal=52 -----------------------------------

                               The UCM Procedure

                                 Outlier Summary
 
                  Obs     date_time Break Type       Pr > ChiSq

                 1007 26JAN14:17:48 Additive Outlier     <.0001
Predicting the timecourse of ruminal pH from continuous reticular pH measurem 41
                          UCM with Cyclical Component
                                                  19:09 Monday, January 11, 2016

---------------------------------- animal=64 -----------------------------------

                               The UCM Procedure

                            Estimation Span Summary
 
 Variable  Type           First Obs       Last Obs    NObs   NMiss          Min

 rumenph   Dependent  23JAN14:05:58  07FEB14:05:53    4320       0      5.52039
 reticph   Predictor  23JAN14:05:58  07FEB14:05:53    4320       0      5.40199

                            Estimation Span Summary
 
                                                               Standard
         Variable  Type               Max           Mean      Deviation

         rumenph   Dependent      7.16093        6.44787        0.23169
         reticph   Predictor      7.18739        6.50601        0.28775


                             Forecast Span Summary
 
 Variable  Type           First Obs       Last Obs    NObs   NMiss          Min

 rumenph   Dependent  23JAN14:05:58  07FEB14:05:53    4320       0      5.52039
 reticph   Predictor  23JAN14:05:58  07FEB14:05:53    4320       0      5.40199

                             Forecast Span Summary
 
                                                               Standard
         Variable  Type               Max           Mean      Deviation

         rumenph   Dependent      7.16093        6.44787        0.23169
         reticph   Predictor      7.18739        6.50601        0.28775


                         Fixed Parameters in the Model
 
               Component           Parameter               Value

               Level               Error Variance              0


                 Preliminary  Estimates of the Free Parameters
 
               Component           Parameter            Estimate

               Cycle               Damping Factor        0.90000
               Cycle               Period              341.33333
               Cycle               Error Variance        0.02682


Predicting the timecourse of ruminal pH from continuous reticular pH measurem 42
                          UCM with Cyclical Component
                                                  19:09 Monday, January 11, 2016

---------------------------------- animal=64 -----------------------------------

                               The UCM Procedure

                        Likelihood Based Fit Statistics
 
                  Statistic                              Value

                  Full Log Likelihood                   6494.4
                  Diffuse Part of Log Likelihood        3.0925
                  Non-Missing Observations Used           4320
                  Estimated Parameters                       3
                  Initialized Diffuse State Elements         2
                  Normalized Residual Sum of Squares    4317.9
                  AIC (smaller is better)               -12983
                  BIC (smaller is better)               -12964
                  AICC (smaller is better)              -12983
                  HQIC (smaller is better)              -12976
                  CAIC (smaller is better)              -12961

Likelihood Optimization Algorithm Converged in 17 Iterations.                   


                     Final Estimates of the Free Parameters
 
                                                     Approx             Approx
  Component         Parameter          Estimate   Std Error  t Value  Pr > |t|

  Cycle             Damping Factor      0.97187   0.0036289   267.82    <.0001
  Cycle             Period               160055    14343210     0.01    0.9911
  Cycle             Error Variance      0.00289   0.0003724     7.75    <.0001
  reticph           Coefficient         0.06217     0.01573     3.95    <.0001


                       Fit Statistics Based on Residuals

                 Mean Squared Error                    0.00289
                 Root Mean Squared Error               0.05380
                 Mean Absolute Percentage Error        0.63854
                 Maximum Percent Error                 4.37305
                 R-Square                              0.94609
                 Adjusted R-Square                     0.94606
                 Random Walk R-Square                  0.01465
                 Amemiya's Adjusted R-Square           0.94601

                   Number of non-missing residuals used for
                      computing the fit statistics = 4318


Predicting the timecourse of ruminal pH from continuous reticular pH measurem 43
                          UCM with Cyclical Component
                                                  19:09 Monday, January 11, 2016

---------------------------------- animal=64 -----------------------------------

                               The UCM Procedure

                      Significance Analysis of Components
                           (Based on the Final State)
 
             Component               DF    Chi-Square    Pr > ChiSq

             Level                    1       3232.71        <.0001
             Cycle                    2         60.32        <.0001


                  Trend Information (Based on the Final State)
 
                                                      Standard
                  Name                   Estimate        Error

                  Level               6.046177421    0.1063402


                               Summary of Cycles
 
                                                            Damping       Final
Name             Type                Period   Frequency      Factor   Amplitude

Cycle            Stationary          160055  0.00003926     0.97187     0.22592

                               Summary of Cycles
 
                                       Percent
                                      Relative          Cycle          Error
   Name             Type              to Level       Variance       Variance

   Cycle            Stationary         3.73654        0.05205        0.00289


                                Outlier Summary
 
                                                   Standard
   Obs     date_time Break Type          Estimate     Error Chi-Square     DF

  1220 27JAN14:11:33 Additive Outlier     0.18645 0.0385343      23.41      1
  3608 04FEB14:18:33 Additive Outlier    -0.18004 0.0385492      21.81      1
  1805 29JAN14:12:18 Additive Outlier     0.16923 0.0385341      19.29      1
  4125 06FEB14:13:38 Additive Outlier     0.16679 0.0385336      18.74      1
  1116 27JAN14:02:53 Additive Outlier     0.16310  0.038534      17.92      1

                                 Outlier Summary
 
                  Obs     date_time Break Type       Pr > ChiSq

                 1220 27JAN14:11:33 Additive Outlier     <.0001
                 3608 04FEB14:18:33 Additive Outlier     <.0001
                 1805 29JAN14:12:18 Additive Outlier     <.0001
                 4125 06FEB14:13:38 Additive Outlier     <.0001
Predicting the timecourse of ruminal pH from continuous reticular pH measurem 44
                          UCM with Cyclical Component
                                                  19:09 Monday, January 11, 2016

---------------------------------- animal=64 -----------------------------------

                               The UCM Procedure

                                 Outlier Summary
 
                  Obs     date_time Break Type       Pr > ChiSq

                 1116 27JAN14:02:53 Additive Outlier     <.0001
Predicting the timecourse of ruminal pH from continuous reticular pH measurem 45
                          UCM with Cyclical Component
                                                  19:09 Monday, January 11, 2016

---------------------------------- animal=183 ----------------------------------

                               The UCM Procedure

                            Estimation Span Summary
 
 Variable  Type           First Obs       Last Obs    NObs   NMiss          Min

 rumenph   Dependent  23JAN14:05:58  07FEB14:05:53    4320      28      5.45145
 reticph   Predictor  23JAN14:05:58  07FEB14:05:53    4320       0      5.36187

                            Estimation Span Summary
 
                                                               Standard
         Variable  Type               Max           Mean      Deviation

         rumenph   Dependent      7.05167        6.38620        0.31731
         reticph   Predictor      7.27006        6.49028        0.35370


                             Forecast Span Summary
 
 Variable  Type           First Obs       Last Obs    NObs   NMiss          Min

 rumenph   Dependent  23JAN14:05:58  07FEB14:05:53    4320      28      5.45145
 reticph   Predictor  23JAN14:05:58  07FEB14:05:53    4320       0      5.36187

                             Forecast Span Summary
 
                                                               Standard
         Variable  Type               Max           Mean      Deviation

         rumenph   Dependent      7.05167        6.38620        0.31731
         reticph   Predictor      7.27006        6.49028        0.35370


                         Fixed Parameters in the Model
 
               Component           Parameter               Value

               Level               Error Variance              0


                 Preliminary  Estimates of the Free Parameters
 
               Component           Parameter            Estimate

               Cycle               Damping Factor        0.90000
               Cycle               Period              256.00000
               Cycle               Error Variance        0.04984


Predicting the timecourse of ruminal pH from continuous reticular pH measurem 46
                          UCM with Cyclical Component
                                                  19:09 Monday, January 11, 2016

---------------------------------- animal=183 ----------------------------------

                               The UCM Procedure

                        Likelihood Based Fit Statistics
 
                  Statistic                              Value

                  Full Log Likelihood                   5662.4
                  Diffuse Part of Log Likelihood        4.9398
                  Non-Missing Observations Used           4292
                  Estimated Parameters                       3
                  Initialized Diffuse State Elements         2
                  Normalized Residual Sum of Squares    4289.9
                  AIC (smaller is better)               -11319
                  BIC (smaller is better)               -11300
                  AICC (smaller is better)              -11319
                  HQIC (smaller is better)              -11312
                  CAIC (smaller is better)              -11297

Likelihood Optimization Algorithm Converged in 14 Iterations.                   


                     Final Estimates of the Free Parameters
 
                                                     Approx             Approx
  Component         Parameter          Estimate   Std Error  t Value  Pr > |t|

  Cycle             Damping Factor      0.97838   0.0033087   295.70    <.0001
  Cycle             Period           1011.27026      1556.7     0.65    0.5159
  Cycle             Error Variance      0.00417   0.0006341     6.57    <.0001
  reticph           Coefficient         0.03393     0.01570     2.16    0.0306


                       Fit Statistics Based on Residuals

                 Mean Squared Error                    0.00421
                 Root Mean Squared Error               0.06491
                 Mean Absolute Percentage Error        0.75346
                 Maximum Percent Error                 8.25086
                 R-Square                              0.95816
                 Adjusted R-Square                     0.95814
                 Random Walk R-Square                  0.00483
                 Amemiya's Adjusted R-Square           0.95810

                   Number of non-missing residuals used for
                      computing the fit statistics = 4290


Predicting the timecourse of ruminal pH from continuous reticular pH measurem 47
                          UCM with Cyclical Component
                                                  19:09 Monday, January 11, 2016

---------------------------------- animal=183 ----------------------------------

                               The UCM Procedure

                      Significance Analysis of Components
                           (Based on the Final State)
 
             Component               DF    Chi-Square    Pr > ChiSq

             Level                    1       3103.15        <.0001
             Cycle                    2         35.57        <.0001


                  Trend Information (Based on the Final State)
 
                                                      Standard
                  Name                   Estimate        Error

                  Level               6.168921503    0.1107408


                               Summary of Cycles
 
                                                            Damping       Final
Name             Type                Period   Frequency      Factor   Amplitude

Cycle            Stationary      1011.27026     0.00621     0.97838     0.26340

                               Summary of Cycles
 
                                       Percent
                                      Relative          Cycle          Error
   Name             Type              to Level       Variance       Variance

   Cycle            Stationary         4.26981        0.09742        0.00417


                                Outlier Summary
 
                                                   Standard
   Obs     date_time Break Type          Estimate     Error Chi-Square     DF

  2828 02FEB14:01:33 Additive Outlier    -0.29731 0.0461415      41.52      1
    90 23JAN14:13:23 Additive Outlier     0.29169 0.0461381      39.97      1
  2829 02FEB14:01:38 Additive Outlier     0.28147 0.0461378      37.22      1
  3854 05FEB14:15:03 Additive Outlier     0.25412 0.0461377      30.34      1
   930 26JAN14:11:23 Additive Outlier     0.22377 0.0461377      23.52      1

                                 Outlier Summary
 
                  Obs     date_time Break Type       Pr > ChiSq

                 2828 02FEB14:01:33 Additive Outlier     <.0001
                   90 23JAN14:13:23 Additive Outlier     <.0001
                 2829 02FEB14:01:38 Additive Outlier     <.0001
                 3854 05FEB14:15:03 Additive Outlier     <.0001
Predicting the timecourse of ruminal pH from continuous reticular pH measurem 48
                          UCM with Cyclical Component
                                                  19:09 Monday, January 11, 2016

---------------------------------- animal=183 ----------------------------------

                               The UCM Procedure

                                 Outlier Summary
 
                  Obs     date_time Break Type       Pr > ChiSq

                  930 26JAN14:11:23 Additive Outlier     <.0001
