                            pH Prediction - AUTOREG                            1
                                                   09:35 Tuesday, April 28, 2015

                             The AUTOREG Procedure

------------------------------- animal=52 day=1 --------------------------------

                         Dependent Variable    rumenph


                       Ordinary Least Squares Estimates

         SSE              2.20344499    DFE                        262
         MSE                 0.00841    Root MSE               0.09171
         SBC              -471.24487    AIC                 -521.93049
         MAE              0.06966572    AICC                -520.32129
         MAPE             1.05893948    HQC                  -501.5912
         Durbin-Watson        0.3204    Regress R-Square        0.6410
                                        Total R-Square          0.6410


                              Parameter Estimates
 
                                          Standard                 Approx
      Variable        DF     Estimate        Error    t Value    Pr > |t|

      Intercept        1       2.4098       0.1958      12.31      <.0001
      reticph          1       0.1130       0.0959       1.18      0.2397
      lag1             1       0.1026       0.1460       0.70      0.4826
      lag2             1       0.0842       0.1469       0.57      0.5671
      lag3             1      -0.0510       0.1462      -0.35      0.7274
      lag4             1     0.001570       0.1460       0.01      0.9914
      lag5             1      -0.0123       0.1467      -0.08      0.9333
      lag6             1       0.0141       0.1463       0.10      0.9232
      lag7             1       0.1927       0.1470       1.31      0.1910
      lag8             1       0.0653       0.1471       0.44      0.6576
      lag9             1      -0.0816       0.1476      -0.55      0.5809
      lag10            1       0.0451       0.1485       0.30      0.7614
      lag11            1      -0.0855       0.1477      -0.58      0.5634
      lag12            1       0.2521       0.0972       2.59      0.0100


                         Estimates of Autocorrelations
 
  Lag   Covariance    Correlation   -1 9 8 7 6 5 4 3 2 1 0 1 2 3 4 5 6 7 8 9 1 

    0      0.00798       1.000000   |                    |********************|
    1      0.00669       0.837665   |                    |*****************   |
    2      0.00550       0.688763   |                    |**************      |
    3      0.00487       0.609839   |                    |************        |
    4      0.00440       0.551688   |                    |***********         |
    5      0.00392       0.490861   |                    |**********          |
    6      0.00366       0.458868   |                    |*********           |
    7      0.00330       0.413266   |                    |********            |
    8      0.00330       0.413755   |                    |********            |
    9      0.00349       0.437512   |                    |*********           |
   10      0.00358       0.449050   |                    |*********           |
                            pH Prediction - AUTOREG                            2
                                                   09:35 Tuesday, April 28, 2015

                             The AUTOREG Procedure

------------------------------- animal=52 day=1 --------------------------------

                             Backward Elimination of
                              Autoregressive Terms
 
                    Lag      Estimate    t Value    Pr > |t|

                      4     -0.046536      -0.56      0.5772
                      9     -0.042095      -0.51      0.6101
                      5      0.077742       1.15      0.2507
                      6     -0.089023      -1.38      0.1692
                      8     -0.109584      -1.64      0.1026
                      7      0.041445       0.90      0.3692


                          Preliminary MSE     0.00227


                     Estimates of Autoregressive Parameters
 
                                             Standard
                  Lag     Coefficient           Error    t Value

                    1       -0.850591        0.061958     -13.73
                    2        0.168357        0.080755       2.08
                    3       -0.125951        0.061469      -2.05
                   10       -0.094513        0.037475      -2.52


                                    Expected
                                Autocorrelations
 
                                Lag     Autocorr

                                  0       1.0000
                                  1       0.8364
                                  2       0.6884
                                  3       0.6120
                                  4       0.5538
                                  5       0.5022
                                  6       0.4633
                                  7       0.4371
                                  8       0.4221
                                  9       0.4229
                                 10       0.4382


        Algorithm converged.                                            
                            pH Prediction - AUTOREG                            3
                                                   09:35 Tuesday, April 28, 2015

                             The AUTOREG Procedure

------------------------------- animal=52 day=1 --------------------------------

                          Maximum Likelihood Estimates

         SSE               0.56779356    DFE                        258
         MSE                  0.00220    Root MSE               0.04691
         SBC               -821.02074    AIC                 -886.18795
         MAE               0.03568366    AICC                -883.52648
         MAPE               0.5428568    HQC                 -860.03745
         Log Likelihood    461.093977    Regress R-Square        0.1227
         Durbin-Watson         1.9958    Total R-Square          0.9075
                                         Observations               276


                              Parameter Estimates
 
                                          Standard                 Approx
      Variable        DF     Estimate        Error    t Value    Pr > |t|

      Intercept        1       4.3530       0.6207       7.01      <.0001
      reticph          1       0.0442       0.0496       0.89      0.3735
      lag1             1       0.1230       0.0516       2.38      0.0178
      lag2             1       0.0540       0.0521       1.04      0.3004
      lag3             1      -0.0389       0.0508      -0.77      0.4444
      lag4             1      -0.0235       0.0509      -0.46      0.6438
      lag5             1      -0.0221       0.0510      -0.43      0.6651
      lag6             1      -0.0220       0.0511      -0.43      0.6665
      lag7             1       0.1809       0.0511       3.54      0.0005
      lag8             1       0.0896       0.0511       1.75      0.0809
      lag9             1      -0.0530       0.0510      -1.04      0.3002
      lag10            1       0.0160       0.0526       0.30      0.7616
      lag11            1      -0.0320       0.0521      -0.61      0.5403
      lag12            1       0.0294       0.0500       0.59      0.5572
      AR1              1      -0.8456       0.0620     -13.64      <.0001
      AR2              1       0.1693       0.0806       2.10      0.0367
      AR3              1      -0.1560       0.0612      -2.55      0.0113
      AR10             1      -0.1145       0.0366      -3.12      0.0020


                                    Expected
                                Autocorrelations
 
                                Lag     Autocorr

                                  0       1.0000
                                  1       0.8898
                                  2       0.7930
                                  3       0.7482
                                  4       0.7117
                                  5       0.6763
                                  6       0.6496
                                  7       0.6315
                                  8       0.6204
                                  9       0.6209
                                 10       0.6331
                            pH Prediction - AUTOREG                            4
                                                   09:35 Tuesday, April 28, 2015

                             The AUTOREG Procedure

------------------------------- animal=52 day=1 --------------------------------

                    Autoregressive parameters assumed given
 
                                          Standard                 Approx
      Variable        DF     Estimate        Error    t Value    Pr > |t|

      Intercept        1       4.3530       0.6184       7.04      <.0001
      reticph          1       0.0442       0.0494       0.89      0.3720
      lag1             1       0.1230       0.0515       2.39      0.0177
      lag2             1       0.0540       0.0521       1.04      0.3003
      lag3             1      -0.0389       0.0508      -0.77      0.4441
      lag4             1      -0.0235       0.0508      -0.46      0.6432
      lag5             1      -0.0221       0.0509      -0.43      0.6646
      lag6             1      -0.0220       0.0511      -0.43      0.6665
      lag7             1       0.1809       0.0510       3.54      0.0005
      lag8             1       0.0896       0.0511       1.75      0.0808
      lag9             1      -0.0530       0.0510      -1.04      0.3001
      lag10            1       0.0160       0.0526       0.30      0.7615
      lag11            1      -0.0320       0.0521      -0.61      0.5402
      lag12            1       0.0294       0.0500       0.59      0.5571
